// Jest Snapshot v1, https://goo.gl/fbAQLP

exports[`Render <Cell> should render <td> with children 1`] = `
<td>
  Jocelyn
</td>
`;
