// Jest Snapshot v1, https://goo.gl/fbAQLP

exports[`<EditIssue> container with default settings should render <EditIssue> 1`] = `
ShallowWrapper {
  "complexSelector": ComplexSelector {
    "buildPredicate": [Function],
    "childrenOfNode": [Function],
    "findWhereUnwrapped": [Function],
  },
  "length": 1,
  "node": <EditIssue
    columns={
        Array [
            Object {
              "key": "seq",
              "label": "seq",
            },
            Object {
              "key": "Status",
              "label": "Status",
            },
            Object {
              "key": "Category",
              "label": "Category",
            },
            Object {
              "key": "Title",
              "label": "Title",
            },
            Object {
              "key": "Owner",
              "label": "Owner",
            },
            Object {
              "key": "Priority",
              "label": "Priority",
            },
            Object {
              "key": "Action",
              "label": "Action",
            },
          ]
    }
    createIssue={[Function]}
    isShowWarning={false}
    selectedIssue={Object {}}
    showWarning={[Function]}
    store={
        Object {
            "clearActions": [Function],
            "dispatch": [Function],
            "getActions": [Function],
            "getState": [Function],
            "replaceReducer": [Function],
            "subscribe": [Function],
          }
    }
    storeSubscription={
        Subscription {
            "listeners": Object {
              "notify": [Function],
            },
            "onStateChange": [Function],
            "parentSub": undefined,
            "store": Object {
              "clearActions": [Function],
              "dispatch": [Function],
              "getActions": [Function],
              "getState": [Function],
              "replaceReducer": [Function],
              "subscribe": [Function],
            },
            "unsubscribe": null,
          }
    }
    updateIssues={[Function]}
/>,
  "nodes": Array [
    <EditIssue
      columns={
            Array [
                  Object {
                    "key": "seq",
                    "label": "seq",
                  },
                  Object {
                    "key": "Status",
                    "label": "Status",
                  },
                  Object {
                    "key": "Category",
                    "label": "Category",
                  },
                  Object {
                    "key": "Title",
                    "label": "Title",
                  },
                  Object {
                    "key": "Owner",
                    "label": "Owner",
                  },
                  Object {
                    "key": "Priority",
                    "label": "Priority",
                  },
                  Object {
                    "key": "Action",
                    "label": "Action",
                  },
                ]
      }
      createIssue={[Function]}
      isShowWarning={false}
      selectedIssue={Object {}}
      showWarning={[Function]}
      store={
            Object {
                  "clearActions": [Function],
                  "dispatch": [Function],
                  "getActions": [Function],
                  "getState": [Function],
                  "replaceReducer": [Function],
                  "subscribe": [Function],
                }
      }
      storeSubscription={
            Subscription {
                  "listeners": Object {
                    "notify": [Function],
                  },
                  "onStateChange": [Function],
                  "parentSub": undefined,
                  "store": Object {
                    "clearActions": [Function],
                    "dispatch": [Function],
                    "getActions": [Function],
                    "getState": [Function],
                    "replaceReducer": [Function],
                    "subscribe": [Function],
                  },
                  "unsubscribe": null,
                }
      }
      updateIssues={[Function]}
/>,
  ],
  "options": Object {},
  "renderer": ReactShallowRenderer {
    "_instance": ShallowComponentWrapper {
      "_calledComponentWillUnmount": false,
      "_compositeType": 0,
      "_context": Object {},
      "_currentElement": <Connect(EditIssue)
        store={
                Object {
                        "clearActions": [Function],
                        "dispatch": [Function],
                        "getActions": [Function],
                        "getState": [Function],
                        "replaceReducer": [Function],
                        "subscribe": [Function],
                      }
        }
/>,
      "_debugID": 1,
      "_hostContainerInfo": null,
      "_hostParent": null,
      "_instance": Connect {
        "_reactInternalInstance": [Circular],
        "context": Object {
          "store": undefined,
          "storeSubscription": undefined,
        },
        "notifyNestedSubs": [Function],
        "props": Object {
          "store": Object {
            "clearActions": [Function],
            "dispatch": [Function],
            "getActions": [Function],
            "getState": [Function],
            "replaceReducer": [Function],
            "subscribe": [Function],
          },
        },
        "propsMode": true,
        "refs": Object {},
        "renderCount": 0,
        "selector": Object {
          "error": null,
          "props": Object {
            "columns": Array [
              Object {
                "key": "seq",
                "label": "seq",
              },
              Object {
                "key": "Status",
                "label": "Status",
              },
              Object {
                "key": "Category",
                "label": "Category",
              },
              Object {
                "key": "Title",
                "label": "Title",
              },
              Object {
                "key": "Owner",
                "label": "Owner",
              },
              Object {
                "key": "Priority",
                "label": "Priority",
              },
              Object {
                "key": "Action",
                "label": "Action",
              },
            ],
            "createIssue": [Function],
            "isShowWarning": false,
            "selectedIssue": Object {},
            "showWarning": [Function],
            "store": Object {
              "clearActions": [Function],
              "dispatch": [Function],
              "getActions": [Function],
              "getState": [Function],
              "replaceReducer": [Function],
              "subscribe": [Function],
            },
            "updateIssues": [Function],
          },
          "run": [Function],
          "shouldComponentUpdate": false,
        },
        "setWrappedInstance": [Function],
        "state": Object {},
        "store": Object {
          "clearActions": [Function],
          "dispatch": [Function],
          "getActions": [Function],
          "getState": [Function],
          "replaceReducer": [Function],
          "subscribe": [Function],
        },
        "subscription": Subscription {
          "listeners": Object {
            "notify": [Function],
          },
          "onStateChange": [Function],
          "parentSub": undefined,
          "store": Object {
            "clearActions": [Function],
            "dispatch": [Function],
            "getActions": [Function],
            "getState": [Function],
            "replaceReducer": [Function],
            "subscribe": [Function],
          },
          "unsubscribe": null,
        },
        "updater": Object {
          "enqueueCallback": [Function],
          "enqueueCallbackInternal": [Function],
          "enqueueElementInternal": [Function],
          "enqueueForceUpdate": [Function],
          "enqueueReplaceState": [Function],
          "enqueueSetState": [Function],
          "isMounted": [Function],
          "validateCallback": [Function],
        },
        "version": 0,
      },
      "_mountOrder": 1,
      "_pendingCallbacks": null,
      "_pendingElement": null,
      "_pendingForceUpdate": false,
      "_pendingReplaceState": false,
      "_pendingStateQueue": null,
      "_renderedComponent": NoopInternalComponent {
        "_currentElement": <EditIssue
          columns={
                    Array [
                              Object {
                                "key": "seq",
                                "label": "seq",
                              },
                              Object {
                                "key": "Status",
                                "label": "Status",
                              },
                              Object {
                                "key": "Category",
                                "label": "Category",
                              },
                              Object {
                                "key": "Title",
                                "label": "Title",
                              },
                              Object {
                                "key": "Owner",
                                "label": "Owner",
                              },
                              Object {
                                "key": "Priority",
                                "label": "Priority",
                              },
                              Object {
                                "key": "Action",
                                "label": "Action",
                              },
                            ]
          }
          createIssue={[Function]}
          isShowWarning={false}
          selectedIssue={Object {}}
          showWarning={[Function]}
          store={
                    Object {
                              "clearActions": [Function],
                              "dispatch": [Function],
                              "getActions": [Function],
                              "getState": [Function],
                              "replaceReducer": [Function],
                              "subscribe": [Function],
                            }
          }
          storeSubscription={
                    Subscription {
                              "listeners": Object {
                                "notify": [Function],
                              },
                              "onStateChange": [Function],
                              "parentSub": undefined,
                              "store": Object {
                                "clearActions": [Function],
                                "dispatch": [Function],
                                "getActions": [Function],
                                "getState": [Function],
                                "replaceReducer": [Function],
                                "subscribe": [Function],
                              },
                              "unsubscribe": null,
                            }
          }
          updateIssues={[Function]}
/>,
        "_debugID": 2,
        "_renderedOutput": <EditIssue
          columns={
                    Array [
                              Object {
                                "key": "seq",
                                "label": "seq",
                              },
                              Object {
                                "key": "Status",
                                "label": "Status",
                              },
                              Object {
                                "key": "Category",
                                "label": "Category",
                              },
                              Object {
                                "key": "Title",
                                "label": "Title",
                              },
                              Object {
                                "key": "Owner",
                                "label": "Owner",
                              },
                              Object {
                                "key": "Priority",
                                "label": "Priority",
                              },
                              Object {
                                "key": "Action",
                                "label": "Action",
                              },
                            ]
          }
          createIssue={[Function]}
          isShowWarning={false}
          selectedIssue={Object {}}
          showWarning={[Function]}
          store={
                    Object {
                              "clearActions": [Function],
                              "dispatch": [Function],
                              "getActions": [Function],
                              "getState": [Function],
                              "replaceReducer": [Function],
                              "subscribe": [Function],
                            }
          }
          storeSubscription={
                    Subscription {
                              "listeners": Object {
                                "notify": [Function],
                              },
                              "onStateChange": [Function],
                              "parentSub": undefined,
                              "store": Object {
                                "clearActions": [Function],
                                "dispatch": [Function],
                                "getActions": [Function],
                                "getState": [Function],
                                "replaceReducer": [Function],
                                "subscribe": [Function],
                              },
                              "unsubscribe": null,
                            }
          }
          updateIssues={[Function]}
/>,
      },
      "_renderedNodeType": 1,
      "_rootNodeID": 0,
      "_topLevelWrapper": null,
      "_updateBatchNumber": null,
      "_warnedAboutRefsInRender": false,
    },
    "getRenderOutput": [Function],
    "render": [Function],
  },
  "root": [Circular],
  "unrendered": <Connect(EditIssue)
    store={
        Object {
            "clearActions": [Function],
            "dispatch": [Function],
            "getActions": [Function],
            "getState": [Function],
            "replaceReducer": [Function],
            "subscribe": [Function],
          }
    }
/>,
}
`;
